// Jest Snapshot v1, https://goo.gl/fbAQLP

exports[`class-implements.js format 1`] = `
====================================options=====================================
parsers: ["babel", "flow", "typescript"]
printWidth: 80
                                                                                | printWidth
=====================================input======================================
class a1 extends b // comment
implements z
{
  constructor() {}
}

class a2 extends b implements z { // comment
  constructor() {}
}

class a3 extends b
implements
// comment
z,
y {
  constructor() {}
}

class a4 extends b
implements z, // comment
y {
  constructor() {}
}

class a5 extends b  implements
    z, // comment-z
    y // comment-y
    {
  constructor() {}
}

class a6 extends b  implements
// comment-z1
    z, // comment-z2
    // comment-y1
    y // comment-y2
    {
  constructor() {}
}

class a7 extends b  implements
// comment-z1
    z, // comment-z2
    // comment-y1
    y // comment-y2
         // comment-y3
    {
      //comment-body
  constructor() {}
}

class a8 extends b // comment-b
 implements
// comment-z1
    z, // comment-z2
    // comment-y1
    y // comment-y2
    {
  constructor() {}
}

class a9 extends
// comment-b1
b // comment-b2
// comment-b3
 implements
// comment-z1
    z, // comment-z2
    // comment-y1
    y // comment-y2
    {
  constructor() {}
}

=====================================output=====================================
class a1
  extends b // comment
  implements z {
  constructor() {}
}

class a2 extends b implements z {
  // comment
  constructor() {}
}

class a3
  extends b
  // comment
  implements z, y {
  constructor() {}
}

class a4
  extends b
  implements
    z, // comment
    y {
  constructor() {}
}

class a5
  extends b
  implements
    z, // comment-z
    y {
  // comment-y
  constructor() {}
}

class a6
  extends b
  // comment-z1
  implements
    z, // comment-z2
    // comment-y1
    y {
  // comment-y2
  constructor() {}
}

class a7
  extends b
  // comment-z1
  implements
    z, // comment-z2
    // comment-y1
    y {
  // comment-y2
  // comment-y3
  //comment-body
  constructor() {}
}

class a8
  extends b // comment-b
  // comment-z1
  implements
    z, // comment-z2
    // comment-y1
    y {
  // comment-y2
  constructor() {}
}

class a9
  // comment-b1
  extends b // comment-b2
  // comment-b3
  // comment-z1
  implements
    z, // comment-z2
    // comment-y1
    y {
  // comment-y2
  constructor() {}
}

================================================================================
`;

exports[`declare.js format 1`] = `
====================================options=====================================
parsers: ["babel", "flow", "typescript"]
printWidth: 80
                                                                                | printWidth
=====================================input======================================
declare class a  // 1
  // extends b   // 2
  implements z,x // 3
{
  doo:boolean
}

declare class A1<T> // 1
// 2
extends B<T> // 3
{}

=====================================output=====================================
declare class a // 1
  // extends b   // 2
  implements z, x {
  // 3
  doo: boolean;
}

declare class A1<T> // 1
  // 2
  extends B<T> {
  // 3
}

================================================================================
`;

exports[`generic.js format 1`] = `
====================================options=====================================
parsers: ["babel", "flow", "typescript"]
printWidth: 80
                                                                                | printWidth
=====================================input======================================
class G1<T> implements IPoly<T> {
  x: T;
}

class G2 // g2
<T> implements IPoly<T> {
  x: T;
}

class G3 // g3
<T> extends U implements IPoly<T> {
  x: T;
}

class G4<T // g4
> extends U implements IPoly<T> {
  x: T;
}

=====================================output=====================================
class G1<T> implements IPoly<T> {
  x: T;
}

class G2<T> // g2
  implements IPoly<T> {
  x: T;
}

class G3<T> // g3
  extends U
  implements IPoly<T> {
  x: T;
}

class G4<
    T // g4
  >
  extends U
  implements IPoly<T> {
  x: T;
}

================================================================================
`;

exports[`misc.js format 1`] = `
====================================options=====================================
parsers: ["babel", "flow", "typescript"]
printWidth: 80
                                                                                | printWidth
=====================================input======================================
class x {
  focus() // comment 1
  {
    // comment 2
  }
}

class X {
  TEMPLATE =
    // tab index is needed so we can focus, which is needed for keyboard events
    '<div class="ag-large-text" tabindex="0">' +
    '<div class="ag-large-textarea"></div>' +
    '</div>';
}

export class SnapshotLogger {
  constructor(
    retentionPeriod: number = 5 * 60 * 1000, // retain past five minutes
    snapshotInterval: number = 30 * 1000, // snapshot no more than every 30s
  ) {
  }
}

=====================================output=====================================
class x {
  focus() { // comment 1
    // comment 2
  }
}

class X {
  TEMPLATE =
    // tab index is needed so we can focus, which is needed for keyboard events
    '<div class="ag-large-text" tabindex="0">' +
    '<div class="ag-large-textarea"></div>' +
    "</div>";
}

export class SnapshotLogger {
  constructor(
    retentionPeriod: number = 5 * 60 * 1000, // retain past five minutes
    snapshotInterval: number = 30 * 1000 // snapshot no more than every 30s
  ) {}
}

================================================================================
`;

exports[`superclass.js format 1`] = `
====================================options=====================================
parsers: ["babel", "flow", "typescript"]
printWidth: 80
                                                                                | printWidth
=====================================input======================================
class A // comment 1
  // comment 2
  extends B {}

class A1 extends B // comment1
// comment2
// comment3
{}

class A2 /* a */ extends B {}
class A3 extends B /* a */ {}
class A4 extends /* a */ B {}

(class A5 // comment 1
  // comment 2
  extends B {});

(class A6 extends B // comment1
// comment2
// comment3
{});

(class A7 /* a */ extends B {});
(class A8 extends B /* a */ {});
(class A9 extends /* a */ B {});

class a extends b // comment
{
  constructor() {}
}

class c extends d
// comment2
{
  constructor() {}
}

class C2  // comment
extends Base
{  foo(){} }

=====================================output=====================================
class A // comment 1
  // comment 2
  extends B {}

class A1 extends B {
  // comment1
  // comment2
  // comment3
}

class A2 /* a */ extends B {}
class A3 extends B /* a */ {
}
class A4 /* a */ extends B {}

(class A5 // comment 1
  // comment 2
  extends B {});

(class A6 extends B {
  // comment1
  // comment2
  // comment3
});

(class A7 /* a */ extends B {});
(class A8 extends B /* a */ {
});
(class A9 /* a */ extends B {});

class a extends b {
  // comment
  constructor() {}
}

class c extends d {
  // comment2
  constructor() {}
}

class C2 // comment
  extends Base {
  foo() {}
}

================================================================================
`;
