// Jest Snapshot v1, https://goo.gl/fbAQLP

exports[`clusterrole.yaml format 1`] = `
====================================options=====================================
parsers: ["yaml"]
printWidth: 80
                                                                                | printWidth
=====================================input======================================
---
apiVersion: rbac.authorization.k8s.io/v1
kind: ClusterRole
metadata:
  name: name
rules:
  - apiGroups:
      - ""
    resources:
      - configmaps
      - services
      - secrets
    verbs:
      - create
      - get
      - list
      - watch
      - update
      - patch
      - delete
  - apiGroups:
      - ""
    resources:
      - events
    verbs:
      - create
      - update
      - patch
  - apiGroups:
      - ""
    resources:
      - limitranges
    verbs:
      - get
      - list
      - watch
  - apiGroups:
      - "apps"
    resources:
      - replicasets
    verbs:
      - create
      - get
      - list
      - watch
      - update
      - patch
      - delete

=====================================output=====================================
---
apiVersion: rbac.authorization.k8s.io/v1
kind: ClusterRole
metadata:
  name: name
rules:
- apiGroups:
  - ""
  resources:
  - configmaps
  - services
  - secrets
  verbs:
  - create
  - get
  - list
  - watch
  - update
  - patch
  - delete
- apiGroups:
  - ""
  resources:
  - events
  verbs:
  - create
  - update
  - patch
- apiGroups:
  - ""
  resources:
  - limitranges
  verbs:
  - get
  - list
  - watch
- apiGroups:
  - "apps"
  resources:
  - replicasets
  verbs:
  - create
  - get
  - list
  - watch
  - update
  - patch
  - delete

================================================================================
`;

exports[`deployment.yaml format 1`] = `
====================================options=====================================
parsers: ["yaml"]
printWidth: 80
                                                                                | printWidth
=====================================input======================================
---
apiVersion: apps/v1
kind: Deployment
metadata:
  name: name
  labels:
    app: name
spec:
  selector:
    matchLabels:
      app: name
  replicas: 1
  template:
    metadata:
      labels:
        app: name
    spec:
      containers:
        - name: main
          image: image
          imagePullPolicy: Always
          env:
            - name: VARIABLE_NAME_0
              value: value
            - name: VARIABLE_NAME_1
              value: value
          ports:
            - containerPort: 3000
              name: http
          volumeMounts:
            - name: certs
              mountPath: /mnt/certs
            - name: config
              mountPath: /mnt/config
      volumes:
        - name: certs
          secret:
            secretName: secret
        - name: config
          configMap:
            name: config

=====================================output=====================================
---
apiVersion: apps/v1
kind: Deployment
metadata:
  name: name
  labels:
    app: name
spec:
  selector:
    matchLabels:
      app: name
  replicas: 1
  template:
    metadata:
      labels:
        app: name
    spec:
      containers:
      - name: main
        image: image
        imagePullPolicy: Always
        env:
        - name: VARIABLE_NAME_0
          value: value
        - name: VARIABLE_NAME_1
          value: value
        ports:
        - containerPort: 3000
          name: http
        volumeMounts:
        - name: certs
          mountPath: /mnt/certs
        - name: config
          mountPath: /mnt/config
      volumes:
      - name: certs
        secret:
          secretName: secret
      - name: config
        configMap:
          name: config

================================================================================
`;
