// Jest Snapshot v1, https://goo.gl/fbAQLP

exports[`min.js 1`] = `
====================================options=====================================
parsers: ["babel", "babel-flow", "flow", "typescript"]
printWidth: 80
                                                                                | printWidth
=====================================input======================================
class Implementation {}
module.exports.fun = (): Implementation => new Implementation;

=====================================output=====================================
class Implementation {}
module.exports.fun = (): Implementation => new Implementation();

================================================================================
`;
