// Jest Snapshot v1, https://goo.gl/fbAQLP

exports[`min.js 1`] = `
====================================options=====================================
parsers: ["babel", "babel-flow", "flow", "typescript"]
printWidth: 80
                                                                                | printWidth
=====================================input======================================
module.exports.fun = (): string => "hello there";

=====================================output=====================================
module.exports.fun = (): string => "hello there";

================================================================================
`;
