// Jest Snapshot v1, https://goo.gl/fbAQLP

exports[`libtest.js 1`] = `
====================================options=====================================
parsers: ["babel", "babel-flow", "flow", "typescript"]
printWidth: 80
                                                                                | printWidth
=====================================input======================================
/* @flow */
const dino : Dinosaur = "Stegosaurus"

=====================================output=====================================
/* @flow */
const dino: Dinosaur = "Stegosaurus";

================================================================================
`;
