// Jest Snapshot v1, https://goo.gl/fbAQLP

exports[`g1.js 1`] = `
====================================options=====================================
parsers: ["babel", "babel-flow", "flow", "typescript"]
printWidth: 80
                                                                                | printWidth
=====================================input======================================
// @flow

export class C { }
export var extra = null;

=====================================output=====================================
// @flow

export class C {}
export var extra = null;

================================================================================
`;
