// Jest Snapshot v1, https://goo.gl/fbAQLP

exports[`main.js 1`] = `
====================================options=====================================
parsers: ["babel", "babel-flow", "flow", "typescript"]
printWidth: 80
                                                                                | printWidth
=====================================input======================================
// @flow

import {test} from 'testmodule';

var a: number = test;
var b: string = test; // Error: number ~> string

=====================================output=====================================
// @flow

import { test } from "testmodule";

var a: number = test;
var b: string = test; // Error: number ~> string

================================================================================
`;
