// Jest Snapshot v1, https://goo.gl/fbAQLP

exports[`foo.js 1`] = `
====================================options=====================================
parsers: ["babel", "babel-flow", "flow", "typescript"]
printWidth: 80
                                                                                | printWidth
=====================================input======================================
var imp = require('./bar');
imp(1337);

=====================================output=====================================
var imp = require("./bar");
imp(1337);

================================================================================
`;
