// Jest Snapshot v1, https://goo.gl/fbAQLP

exports[`jsx_namespaced_name.js 1`] = `
====================================options=====================================
parsers: ["babel", "babel-flow", "flow"]
printWidth: 80
                                                                                | printWidth
=====================================input======================================
<jsx:namespacedname />;

<jsx:namespacedname>1</jsx:namespacedname>;

=====================================output=====================================
<jsx:namespacedname />;

<jsx:namespacedname>1</jsx:namespacedname>;

================================================================================
`;
