// Jest Snapshot v1, https://goo.gl/fbAQLP

exports[`value.js 1`] = `
====================================options=====================================
parsers: ["babel", "babel-flow", "flow", "typescript"]
printWidth: 80
                                                                                | printWidth
=====================================input======================================
var o = {};
o["x"] = 4;
var y:string = o["x"];

var table: { [_: string]: number } = {};
table["x"] = "hello";

=====================================output=====================================
var o = {};
o["x"] = 4;
var y: string = o["x"];

var table: { [_: string]: number } = {};
table["x"] = "hello";

================================================================================
`;
