// Jest Snapshot v1, https://goo.gl/fbAQLP

exports[`maybe_return.js 1`] = `
====================================options=====================================
parsers: ["babel", "babel-flow", "flow"]
printWidth: 80
                                                                                | printWidth
=====================================input======================================
function getScaledData({x}): ?{foo: number} {}

=====================================output=====================================
function getScaledData({ x }): ?{ foo: number } {}

================================================================================
`;
