// Jest Snapshot v1, https://goo.gl/fbAQLP

exports[`last_line.js - {"jsxBracketSameLine":true} format 1`] = `
====================================options=====================================
jsxBracketSameLine: true
parsers: ["flow", "typescript"]
printWidth: 80
                                                                                | printWidth
=====================================input======================================
<SomeHighlyConfiguredComponent
  onEnter={this.onEnter}
  onLeave={this.onLeave}
  onChange={this.onChange}
  initialValue={this.state.initialValue}
  ignoreStuff={true}
>
  <div>and the children go here</div>
  <div>and here too</div>
</SomeHighlyConfiguredComponent>

=====================================output=====================================
<SomeHighlyConfiguredComponent
  onEnter={this.onEnter}
  onLeave={this.onLeave}
  onChange={this.onChange}
  initialValue={this.state.initialValue}
  ignoreStuff={true}>
  <div>and the children go here</div>
  <div>and here too</div>
</SomeHighlyConfiguredComponent>;

================================================================================
`;
