// Jest Snapshot v1, https://goo.gl/fbAQLP

exports[`bar.js 1`] = `
====================================options=====================================
parsers: ["babel", "babel-flow", "flow", "typescript"]
printWidth: 80
                                                                                | printWidth
=====================================input======================================
module.exports = "bar";

=====================================output=====================================
module.exports = "bar";

================================================================================
`;
