// Jest Snapshot v1, https://goo.gl/fbAQLP

exports[`styled-components.js 1`] = `
====================================options=====================================
parsers: ["babel", "babel-flow", "flow", "typescript"]
printWidth: 80
                                                                                | printWidth
=====================================input======================================
<style jsx>{\`
  p {
    color: red;
  }
\`}</style>;

<style jsx>{tpl\`
  p {
    color: red;
  }
\`}</style>;

<style jsx>
  {\`p {
     color: red;
     }
  \`}
</style>;

=====================================output=====================================
<style jsx>{\`
  p {
    color: red;
  }
\`}</style>;

<style jsx>{tpl\`
  p {
    color: red;
  }
\`}</style>;

<style jsx>
  {\`
    p {
      color: red;
    }
  \`}
</style>;

================================================================================
`;
