// Jest Snapshot v1, https://goo.gl/fbAQLP

exports[`client.js 1`] = `
====================================options=====================================
parsers: ["babel", "babel-flow", "flow", "typescript"]
printWidth: 80
                                                                                | printWidth
=====================================input======================================
var y:number = x;

=====================================output=====================================
var y: number = x;

================================================================================
`;
