// Jest Snapshot v1, https://goo.gl/fbAQLP

exports[`testmodule.js 1`] = `
====================================options=====================================
parsers: ["babel", "babel-flow", "flow", "typescript"]
printWidth: 80
                                                                                | printWidth
=====================================input======================================
// @flow

export let test = 42;

=====================================output=====================================
// @flow

export let test = 42;

================================================================================
`;
