// Jest Snapshot v1, https://goo.gl/fbAQLP

exports[`B2.js 1`] = `
====================================options=====================================
parsers: ["babel", "babel-flow", "flow", "typescript"]
printWidth: 80
                                                                                | printWidth
=====================================input======================================
/**
 * @providesModule B2
 * @flow
 */

require('B3');

=====================================output=====================================
/**
 * @providesModule B2
 * @flow
 */

require("B3");

================================================================================
`;
