// Jest Snapshot v1, https://goo.gl/fbAQLP

exports[`symbol.ts 1`] = `
====================================options=====================================
parsers: ["babel", "babel-flow", "flow", "typescript"]
printWidth: 80
                                                                                | printWidth
=====================================input======================================
var x: symbol
var x: symbol | string

=====================================output=====================================
var x: symbol;
var x: symbol | string;

================================================================================
`;
