// Jest Snapshot v1, https://goo.gl/fbAQLP

exports[`lib.js 1`] = `
====================================options=====================================
parsers: ["babel", "babel-flow", "flow", "typescript"]
printWidth: 80
                                                                                | printWidth
=====================================input======================================
declare var x: string;

=====================================output=====================================
declare var x: string;

================================================================================
`;
