// Jest Snapshot v1, https://goo.gl/fbAQLP

exports[`enumDeclaration.ts 1`] = `
====================================options=====================================
parsers: ["babel-flow", "flow", "typescript"]
printWidth: 80
                                                                                | printWidth
=====================================input======================================
enum E { A, B, C }

=====================================output=====================================
enum E {
  A,
  B,
  C
}

================================================================================
`;
