// Jest Snapshot v1, https://goo.gl/fbAQLP

exports[`optional.js format 1`] = `
====================================options=====================================
parsers: ["flow", "babel"]
printWidth: 80
                                                                                | printWidth
=====================================input======================================
const fun = (a: number): (?(string => string)) => {
  return a > 0 ? s => \`\${s}: \${a}\` : null;
};

=====================================output=====================================
const fun = (a: number): ?((string) => string) => {
  return a > 0 ? (s) => \`\${s}: \${a}\` : null;
};

================================================================================
`;
