// Jest Snapshot v1, https://goo.gl/fbAQLP

exports[`symbol.ts 1`] = `
====================================options=====================================
parsers: ["babel", "babel-flow", "flow", "typescript"]
printWidth: 80
                                                                                | printWidth
=====================================input======================================
function test(abc: Map<symbol, string>) {}

=====================================output=====================================
function test(abc: Map<symbol, string>) {}

================================================================================
`;
