// Jest Snapshot v1, https://goo.gl/fbAQLP

exports[`dino.js 1`] = `
====================================options=====================================
parsers: ["babel", "babel-flow", "flow", "typescript"]
printWidth: 80
                                                                                | printWidth
=====================================input======================================
declare type Dinosaur = "T-Rex" | "Apatosaurus";

=====================================output=====================================
declare type Dinosaur = "T-Rex" | "Apatosaurus";

================================================================================
`;
