// Jest Snapshot v1, https://goo.gl/fbAQLP

exports[`errors.js 1`] = `
====================================options=====================================
parsers: ["babel", "babel-flow", "flow", "typescript"]
printWidth: 80
                                                                                | printWidth
=====================================input======================================
if (typeof define === 'function' && define.amd) { }

=====================================output=====================================
if (typeof define === "function" && define.amd) {
}

================================================================================
`;
