// Jest Snapshot v1, https://goo.gl/fbAQLP

exports[`API.js 1`] = `
====================================options=====================================
parsers: ["babel", "babel-flow", "flow", "typescript"]
printWidth: 80
                                                                                | printWidth
=====================================input======================================
// @flow

var OpenGraphObject = require('./models/OpenGraphObject.js');

=====================================output=====================================
// @flow

var OpenGraphObject = require("./models/OpenGraphObject.js");

================================================================================
`;
