// Jest Snapshot v1, https://goo.gl/fbAQLP

exports[`test.js 1`] = `
====================================options=====================================
parsers: ["babel", "babel-flow", "flow", "typescript"]
printWidth: 80
                                                                                | printWidth
=====================================input======================================
var x: number = StaticOverload.foo(0);

=====================================output=====================================
var x: number = StaticOverload.foo(0);

================================================================================
`;
