// Jest Snapshot v1, https://goo.gl/fbAQLP

exports[`foo.js 1`] = `
====================================options=====================================
parsers: ["babel", "babel-flow", "flow", "typescript"]
printWidth: 80
                                                                                | printWidth
=====================================input======================================
/* @flow */

var x: number = "string"; // Error string ~> number

=====================================output=====================================
/* @flow */

var x: number = "string"; // Error string ~> number

================================================================================
`;
