// Jest Snapshot v1, https://goo.gl/fbAQLP

exports[`foo.js 1`] = `
====================================options=====================================
parsers: ["babel", "babel-flow", "flow", "typescript"]
printWidth: 80
                                                                                | printWidth
=====================================input======================================
declare module foo {
  declare var bar: number;
}

=====================================output=====================================
declare module foo {
  declare var bar: number;
}

================================================================================
`;
